*****************************************
			UNIT TEST 1			
*****************************************

Starting test for supplyCount...

Tests passed.
***********************************
			UNIT TEST 2			
***********************************
Test 1: a=10 > b=4
Test passed
Test 2: a=10 < b=15
Test passed
Test: a=15 = b=15
Test passed
All tests passed
*************************************
			UNIT TEST 3			
*************************************

Get card gold costs...
Curse: 0 coins
Estate: 2 coins
Duchy: 5 coins
Province: 8 coins
Copper: 0 coins
Silver: 3 coins
Gold: 6 coins
Adventurer: 6 coins
Council Room: 5 coins
Feast: 4 coins
Gardens: 4 coins
Mine: 5 coins
Remodel: 4 coins
Smithy: 4 coins
Village: 3 coins
Baron: 4 coins
Great Hall: 3 coins
Minion: 5 coins
Steward: 3 coins
Tribute: 5 coins
Ambassador: 3 coins
Cutpurse: 4 coins
Embargo: 2 coins
Outpost: 5 coins
Salvager: 4 coins
Sea Hag: 4 coins
Treasure Map: 4 coins
All tests passed
***********************************
			UNIT TEST 4			
***********************************

Testing players turn
Player 2's turn
Player 3's turn
Player 4's turn
All tests passed.

******************************
			CARD TEST 1			
******************************
Testing smithy...
Cards = -1
Test failed!
******************************
			CARD TEST 2			
******************************
Testing minion...
Actions before: 1
Actions after: 2
******************************
			CARD TEST 3			
******************************
Testing gardens card...
Tests passed.
******************************
			CARD TEST 4			
******************************
Testing salvager...
Test has passed.
