***********************************
			UNIT TEST 2			
***********************************
Test 1: a=10 > b=4
Test passed
Test 2: a=10 < b=15
Test passed
Test: a=15 = b=15
Test passed
All tests passed
